{
    "name": "some/package-prefixed",
    "description": "Prefixed scoped version of \"some/package\" package",
    "require": {
        "php": "^7.2"
    },
    "conflicting": [
        "some/package"
    ],
    "replace": {
        "some/package": "self.version"
    }
}
